server/bookingRouter.ts(131,38): error TS2769: No overload matches this call.
  Overload 1 of 2, '(value: { id: string | SQL<unknown> | Placeholder<string, any>; name: string | SQL<unknown> | Placeholder<string, any>; restaurantId: string | SQL<unknown> | Placeholder<...>; ... 4 more ...; notes?: string | ... 3 more ... | undefined; }): MySqlInsertBase<...>', gave the following error.
    Object literal may only specify known properties, and 'loyaltyVisits' does not exist in type '{ id: string | SQL<unknown> | Placeholder<string, any>; name: string | SQL<unknown> | Placeholder<string, any>; restaurantId: string | SQL<unknown> | Placeholder<...>; ... 4 more ...; notes?: string | ... 3 more ... | undefined; }'.
  Overload 2 of 2, '(values: { id: string | SQL<unknown> | Placeholder<string, any>; name: string | SQL<unknown> | Placeholder<string, any>; restaurantId: string | SQL<unknown> | Placeholder<...>; ... 4 more ...; notes?: string | ... 3 more ... | undefined; }[]): MySqlInsertBase<...>', gave the following error.
    Object literal may only specify known properties, and 'id' does not exist in type '{ id: string | SQL<unknown> | Placeholder<string, any>; name: string | SQL<unknown> | Placeholder<string, any>; restaurantId: string | SQL<unknown> | Placeholder<...>; ... 4 more ...; notes?: string | ... 3 more ... | undefined; }[]'.
server/mockData.ts(1,42): error TS2307: Cannot find module './drizzle/schema' or its corresponding type declarations.
tests/auth.logout.test.ts(23,5): error TS2353: Object literal may only specify known properties, and 'createdAt' does not exist in type '{ id: number; email: string | null; openId: string; name: string | null; loginMethod: string | null; role: "admin" | "user" | null; lastSignedIn: Date | null; }'.
