app/(tabs)/tables.tsx(55,83): error TS2345: Argument of type '(old: { id: string; restaurantId: string; tableNumber: number; capacity: number; status: "available" | "occupied" | "reserved" | "cleaning" | "blocked" | null; }[] | { id: string; restaurantId: string; ... 4 more ...; positionY: number; }[] | undefined) => ({ ...; } | { ...; })[] | undefined' is not assignable to parameter of type 'Updater<{ id: string; restaurantId: string; tableNumber: number; capacity: number; status: "available" | "occupied" | "reserved" | "cleaning" | "blocked" | null; }[] | { id: string; restaurantId: string; ... 4 more ...; positionY: number; }[] | undefined, { ...; }[] | ... 1 more ... | undefined>'.
  Type '(old: { id: string; restaurantId: string; tableNumber: number; capacity: number; status: "available" | "occupied" | "reserved" | "cleaning" | "blocked" | null; }[] | { id: string; restaurantId: string; ... 4 more ...; positionY: number; }[] | undefined) => ({ ...; } | { ...; })[] | undefined' is not assignable to type '(input: { id: string; restaurantId: string; tableNumber: number; capacity: number; status: "available" | "occupied" | "reserved" | "cleaning" | "blocked" | null; }[] | { id: string; restaurantId: string; ... 4 more ...; positionY: number; }[] | undefined) => { ...; }[] | ... 1 more ... | undefined'.
    Type '({ id: string; restaurantId: string; tableNumber: number; capacity: number; status: "available" | "occupied" | "reserved" | "cleaning" | "blocked" | null; } | { id: string; restaurantId: string; ... 4 more ...; positionY: number; })[] | undefined' is not assignable to type '{ id: string; restaurantId: string; tableNumber: number; capacity: number; status: "available" | "occupied" | "reserved" | "cleaning" | "blocked" | null; }[] | { id: string; restaurantId: string; ... 4 more ...; positionY: number; }[] | undefined'.
      Type '({ id: string; restaurantId: string; tableNumber: number; capacity: number; status: "available" | "occupied" | "reserved" | "cleaning" | "blocked" | null; } | { id: string; restaurantId: string; ... 4 more ...; positionY: number; })[]' is not assignable to type '{ id: string; restaurantId: string; tableNumber: number; capacity: number; status: "available" | "occupied" | "reserved" | "cleaning" | "blocked" | null; }[] | { id: string; restaurantId: string; ... 4 more ...; positionY: number; }[] | undefined'.
        Type '({ id: string; restaurantId: string; tableNumber: number; capacity: number; status: "available" | "occupied" | "reserved" | "cleaning" | "blocked" | null; } | { id: string; restaurantId: string; ... 4 more ...; positionY: number; })[]' is not assignable to type '{ id: string; restaurantId: string; tableNumber: number; capacity: number; status: "available" | "occupied" | "reserved" | "cleaning" | "blocked" | null; }[]'.
          Type '{ id: string; restaurantId: string; tableNumber: number; capacity: number; status: "available" | "occupied" | "reserved" | "cleaning" | "blocked" | null; } | { id: string; restaurantId: string; ... 4 more ...; positionY: number; }' is not assignable to type '{ id: string; restaurantId: string; tableNumber: number; capacity: number; status: "available" | "occupied" | "reserved" | "cleaning" | "blocked" | null; }'.
            Type '{ id: string; restaurantId: string; tableNumber: number; capacity: number; status: string; positionX: number; positionY: number; }' is not assignable to type '{ id: string; restaurantId: string; tableNumber: number; capacity: number; status: "available" | "occupied" | "reserved" | "cleaning" | "blocked" | null; }'.
              Types of property 'status' are incompatible.
                Type 'string' is not assignable to type '"available" | "occupied" | "reserved" | "cleaning" | "blocked" | null'.
