server/_core/trpc.ts(34,22): error TS2367: This comparison appears to be unintentional because the types '"owner" | "manager" | "host" | "waiter" | null' and '"admin"' have no overlap.
tests/auth.logout.test.ts(22,5): error TS2322: Type '"user"' is not assignable to type '"owner" | "manager" | "host" | "waiter" | null'.
