
> app-template@1.0.0 check C:\Users\Meet Sutariya\Desktop\resturant
> tsc --noEmit

app/(tabs)/bookings.tsx(181,43): error TS7006: Parameter 'b' implicitly has an 'any' type.
app/(tabs)/bookings.tsx(182,39): error TS7006: Parameter 'b' implicitly has an 'any' type.
app/(tabs)/bookings.tsx(228,79): error TS7006: Parameter 'b' implicitly has an 'any' type.
app/(tabs)/cloud-data.tsx(140,7): error TS2769: No overload matches this call.
  Overload 1 of 2, '(input: { dataType?: "bookings" | "deliveryOrders" | "all" | undefined; } | typeof skipToken, opts: DefinedUseTRPCQueryOptions<{ archives: { id: any; restaurantId: any; dataType: any; dataJson: any; archivedAt: any; }[]; total: number; retentionDays: number; connected: boolean; }, { ...; }, TRPCClientErrorLike<...>, { ...; }>): DefinedUseTRPCQueryResult<...>', gave the following error.
    Object literal may only specify known properties, and 'restaurantId' does not exist in type '{ dataType?: "bookings" | "deliveryOrders" | "all" | undefined; }'.
  Overload 2 of 2, '(input: { dataType?: "bookings" | "deliveryOrders" | "all" | undefined; } | typeof skipToken, opts?: UseTRPCQueryOptions<{ archives: { id: any; restaurantId: any; dataType: any; dataJson: any; archivedAt: any; }[]; total: number; retentionDays: number; connected: boolean; }, { ...; }, TRPCClientErrorLike<...>, { ...; }> | undefined): UseTRPCQueryResult<...>', gave the following error.
    Object literal may only specify known properties, and 'restaurantId' does not exist in type '{ dataType?: "bookings" | "deliveryOrders" | "all" | undefined; }'.
app/(tabs)/index.tsx(18,63): error TS2345: Argument of type '{ restaurantId: string; }' is not assignable to parameter of type 'void | unique symbol'.
app/(tabs)/index.tsx(19,68): error TS2345: Argument of type '{ restaurantId: string; }' is not assignable to parameter of type 'void | unique symbol'.
app/(tabs)/index.tsx(20,75): error TS2353: Object literal may only specify known properties, and 'restaurantId' does not exist in type '{ days?: number | undefined; }'.
app/(tabs)/index.tsx(261,38): error TS7006: Parameter 'a' implicitly has an 'any' type.
app/(tabs)/index.tsx(261,41): error TS7006: Parameter 'i' implicitly has an 'any' type.
app/(tabs)/staff-dashboard.tsx(39,5): error TS2353: Object literal may only specify known properties, and 'restaurantId' does not exist in type '{ date: string; }'.
app/(tabs)/staff-dashboard.tsx(43,70): error TS2345: Argument of type '{ restaurantId: string; }' is not assignable to parameter of type 'void | unique symbol'.
app/(tabs)/tables.tsx(114,5): error TS2769: No overload matches this call.
  Overload 1 of 2, '(input: void | typeof skipToken, opts: DefinedUseTRPCQueryOptions<any, any, TRPCClientErrorLike<{ errorShape: DefaultErrorShape; transformer: true; }>, any>): DefinedUseTRPCQueryResult<...>', gave the following error.
    Argument of type '{ restaurantId: string; }' is not assignable to parameter of type 'void | unique symbol'.
  Overload 2 of 2, '(input: void | typeof skipToken, opts?: UseTRPCQueryOptions<any, any, TRPCClientErrorLike<{ input: void; output: any; transformer: true; errorShape: DefaultErrorShape; }>, any> | undefined): UseTRPCQueryResult<...>', gave the following error.
    Argument of type '{ restaurantId: string; }' is not assignable to parameter of type 'void | unique symbol'.
app/(tabs)/tables.tsx(120,52): error TS7006: Parameter 't' implicitly has an 'any' type.
app/(tabs)/tables.tsx(123,52): error TS7006: Parameter 't' implicitly has an 'any' type.
app/(tabs)/tables.tsx(177,31): error TS2353: Object literal may only specify known properties, and 'restaurantId' does not exist in type '{ capacity: number; zone?: string | undefined; }'.
app/(tabs)/tables.tsx(276,25): error TS7006: Parameter 'table' implicitly has an 'any' type.
app/(tabs)/today.tsx(111,9): error TS2769: No overload matches this call.
  Overload 1 of 2, '(input: Record<string, never> | typeof skipToken, opts: DefinedUseTRPCQueryOptions<{ date: string; generatedAt: string; totalRevenue: any; diningRevenue: any; deliveryRevenue: any; totalBookings: number; ... 10 more ...; statusBreakdown: { ...; }[]; }, { ...; }, TRPCClientErrorLike<...>, { ...; }>): DefinedUseTRPCQueryResult<...>', gave the following error.
    Type 'string' is not assignable to type 'never'.
  Overload 2 of 2, '(input: Record<string, never> | typeof skipToken, opts?: UseTRPCQueryOptions<{ date: string; generatedAt: string; totalRevenue: any; diningRevenue: any; deliveryRevenue: any; totalBookings: number; ... 10 more ...; statusBreakdown: { ...; }[]; }, { ...; }, TRPCClientErrorLike<...>, { ...; }> | undefined): UseTRPCQueryResult<...>', gave the following error.
    Type 'string' is not assignable to type 'never'.
app/(tabs)/today.tsx(116,5): error TS2769: No overload matches this call.
  Overload 1 of 2, '(input: void | typeof skipToken, opts: DefinedUseTRPCQueryOptions<{ date: string; totalBookings: number; confirmedBookings: number; completedBookings: number; noShows: number; noShowRate: string; totalGuests: number; ... 6 more ...; availableTables: number; }, { ...; }, TRPCClientErrorLike<...>, { ...; }>): DefinedUseTRPCQueryResult<...>', gave the following error.
    Argument of type '{ restaurantId: string; }' is not assignable to parameter of type 'void | unique symbol'.
  Overload 2 of 2, '(input: void | typeof skipToken, opts?: UseTRPCQueryOptions<{ date: string; totalBookings: number; confirmedBookings: number; completedBookings: number; noShows: number; noShowRate: string; totalGuests: number; ... 6 more ...; availableTables: number; }, { ...; }, TRPCClientErrorLike<...>, { ...; }> | undefined): UseTRPCQueryResult<...>', gave the following error.
    Argument of type '{ restaurantId: string; }' is not assignable to parameter of type 'void | unique symbol'.
app/(tabs)/today.tsx(121,5): error TS2769: No overload matches this call.
  Overload 1 of 2, '(input: void | typeof skipToken, opts: DefinedUseTRPCQueryOptions<any[], any[], TRPCClientErrorLike<{ errorShape: DefaultErrorShape; transformer: true; }>, any[]>): DefinedUseTRPCQueryResult<...>', gave the following error.
    Argument of type '{ restaurantId: string; }' is not assignable to parameter of type 'void | unique symbol'.
  Overload 2 of 2, '(input: void | typeof skipToken, opts?: UseTRPCQueryOptions<any[], any[], TRPCClientErrorLike<{ input: void; output: any[]; transformer: true; errorShape: DefaultErrorShape; }>, any[]> | undefined): UseTRPCQueryResult<...>', gave the following error.
    Argument of type '{ restaurantId: string; }' is not assignable to parameter of type 'void | unique symbol'.
app/(tabs)/today.tsx(126,7): error TS2769: No overload matches this call.
  Overload 1 of 2, '(input: { days?: number | undefined; } | typeof skipToken, opts: DefinedUseTRPCQueryOptions<{ period: string; totalBookings: number; completionRate: string; noShowRate: string; cancellationRate: string; confirmationRate: string; averagePartySize: string; }, { ...; }, TRPCClientErrorLike<...>, { ...; }>): DefinedUseTRPCQueryResult<...>', gave the following error.
    Object literal may only specify known properties, and 'restaurantId' does not exist in type '{ days?: number | undefined; }'.
  Overload 2 of 2, '(input: { days?: number | undefined; } | typeof skipToken, opts?: UseTRPCQueryOptions<{ period: string; totalBookings: number; completionRate: string; noShowRate: string; cancellationRate: string; confirmationRate: string; averagePartySize: string; }, { ...; }, TRPCClientErrorLike<...>, { ...; }> | undefined): UseTRPCQueryResult<...>', gave the following error.
    Object literal may only specify known properties, and 'restaurantId' does not exist in type '{ days?: number | undefined; }'.
app/(tabs)/today.tsx(131,7): error TS2769: No overload matches this call.
  Overload 1 of 2, '(input: { limit?: number | undefined; } | typeof skipToken, opts: DefinedUseTRPCQueryOptions<any, any, TRPCClientErrorLike<{ errorShape: DefaultErrorShape; transformer: true; }>, any>): DefinedUseTRPCQueryResult<...>', gave the following error.
    Object literal may only specify known properties, and 'restaurantId' does not exist in type '{ limit?: number | undefined; }'.
  Overload 2 of 2, '(input: { limit?: number | undefined; } | typeof skipToken, opts?: UseTRPCQueryOptions<any, any, TRPCClientErrorLike<{ input: { limit?: number | undefined; }; output: any; transformer: true; errorShape: DefaultErrorShape; }>, any> | undefined): UseTRPCQueryResult<...>', gave the following error.
    Object literal may only specify known properties, and 'restaurantId' does not exist in type '{ limit?: number | undefined; }'.
app/ai-assistant.tsx(49,65): error TS2353: Object literal may only specify known properties, and 'restaurantId' does not exist in type '{ date: string; }'.
app/ai-assistant.tsx(50,65): error TS2345: Argument of type '{ restaurantId: string; }' is not assignable to parameter of type 'void | unique symbol'.
app/login.tsx(40,54): error TS2304: Cannot find name 'ThemeColor'.
app/login.tsx(42,29): error TS2304: Cannot find name 'ThemeColor'.
app/login.tsx(304,49): error TS2304: Cannot find name 'ThemeColor'.
app/login.tsx(738,19): error TS2339: Property 'h3' does not exist on type '{ displayLarge: { fontSize: number; fontWeight: "800"; letterSpacing: number; }; displayMedium: { fontSize: number; fontWeight: "700"; letterSpacing: number; }; heading: { fontSize: number; fontWeight: "700"; letterSpacing: number; }; ... 4 more ...; mono: { ...; }; }'.
app/menu-editor.tsx(24,77): error TS2345: Argument of type '{ restaurantId: string; }' is not assignable to parameter of type 'void | unique symbol'.
app/menu-editor.tsx(46,7): error TS2353: Object literal may only specify known properties, and 'restaurantId' does not exist in type '{ category: "starters" | "mains" | "breads" | "rice" | "desserts" | "drinks" | "combos"; name: string; description: string; price: number; foodType: "veg" | "non-veg" | "vegan"; isSpecial?: boolean | undefined; }'.
app/menu-editor.tsx(58,43): error TS7006: Parameter 'm' implicitly has an 'any' type.
app/menu-editor.tsx(96,31): error TS7006: Parameter 'item' implicitly has an 'any' type.
app/menu-editor.tsx(96,37): error TS7006: Parameter 'index' implicitly has an 'any' type.
app/menu/[tableId].tsx(33,43): error TS7006: Parameter 'm' implicitly has an 'any' type.
app/menu/[tableId].tsx(94,31): error TS7006: Parameter 'item' implicitly has an 'any' type.
app/menu/[tableId].tsx(94,37): error TS7006: Parameter 'index' implicitly has an 'any' type.
lib/offlineSync.ts(3,10): error TS2614: Module '"../app/_layout"' has no exported member 'queryClient'. Did you mean to use 'import queryClient from "../app/_layout"' instead?
lib/offlineSync.ts(75,38): error TS18046: 'task' is of type 'unknown'.
lib/offlineSync.ts(76,19): error TS18046: 'task' is of type 'unknown'.
lib/offlineSync.ts(85,32): error TS18046: 'task' is of type 'unknown'.
lib/offlineSync.ts(87,69): error TS18046: 'task' is of type 'unknown'.
lib/offlineSync.ts(89,66): error TS18046: 'task' is of type 'unknown'.
scratch/check_db.ts(7,47): error TS2339: Property 'manager' does not exist on type 'typeof import("C:/Users/Meet Sutariya/Desktop/resturant/drizzle/schema")'.
scratch/check_db.ts(10,29): error TS18046: 'e' is of type 'unknown'.
server/analyticsRouter_enhanced.ts(190,18): error TS2769: No overload matches this call.
  Overload 1 of 3, '(left: SQLiteColumn<{ name: "restaurant_id"; tableName: "customers"; dataType: "string"; columnType: "SQLiteText"; data: string; driverParam: string; notNull: true; hasDefault: false; isPrimaryKey: false; ... 5 more ...; generated: undefined; }, {}, { ...; }>, right: string | SQLWrapper): SQL<...>', gave the following error.
    Argument of type 'string | null' is not assignable to parameter of type 'string | SQLWrapper'.
      Type 'null' is not assignable to type 'string | SQLWrapper'.
  Overload 2 of 3, '(left: Aliased<string | null>, right: string | SQLWrapper | null): SQL<unknown>', gave the following error.
    Argument of type 'SQLiteColumn<{ name: "restaurant_id"; tableName: "customers"; dataType: "string"; columnType: "SQLiteText"; data: string; driverParam: string; notNull: true; hasDefault: false; isPrimaryKey: false; isAutoincrement: false; ... 4 more ...; generated: undefined; }, {}, { ...; }>' is not assignable to parameter of type 'Aliased<string | null>'.
      Type 'SQLiteColumn<{ name: "restaurant_id"; tableName: "customers"; dataType: "string"; columnType: "SQLiteText"; data: string; driverParam: string; notNull: true; hasDefault: false; isPrimaryKey: false; isAutoincrement: false; ... 4 more ...; generated: undefined; }, {}, { ...; }>' is missing the following properties from type 'Aliased<string | null>': sql, fieldAlias
  Overload 3 of 3, '(left: never, right: unknown): SQL<unknown>', gave the following error.
    Argument of type 'SQLiteColumn<{ name: "restaurant_id"; tableName: "customers"; dataType: "string"; columnType: "SQLiteText"; data: string; driverParam: string; notNull: true; hasDefault: false; isPrimaryKey: false; isAutoincrement: false; ... 4 more ...; generated: undefined; }, {}, { ...; }>' is not assignable to parameter of type 'never'.
server/deliveryRouter.ts(88,18): error TS2769: No overload matches this call.
  Overload 1 of 3, '(left: SQLiteColumn<{ name: "restaurant_id"; tableName: "delivery_orders"; dataType: "string"; columnType: "SQLiteText"; data: string; driverParam: string; notNull: true; hasDefault: false; isPrimaryKey: false; ... 5 more ...; generated: undefined; }, {}, { ...; }>, right: string | SQLWrapper): SQL<...>', gave the following error.
    Argument of type 'string | null' is not assignable to parameter of type 'string | SQLWrapper'.
      Type 'null' is not assignable to type 'string | SQLWrapper'.
  Overload 2 of 3, '(left: Aliased<string | null>, right: string | SQLWrapper | null): SQL<unknown>', gave the following error.
    Argument of type 'SQLiteColumn<{ name: "restaurant_id"; tableName: "delivery_orders"; dataType: "string"; columnType: "SQLiteText"; data: string; driverParam: string; notNull: true; hasDefault: false; isPrimaryKey: false; ... 5 more ...; generated: undefined; }, {}, { ...; }>' is not assignable to parameter of type 'Aliased<string | null>'.
      Type 'SQLiteColumn<{ name: "restaurant_id"; tableName: "delivery_orders"; dataType: "string"; columnType: "SQLiteText"; data: string; driverParam: string; notNull: true; hasDefault: false; isPrimaryKey: false; ... 5 more ...; generated: undefined; }, {}, { ...; }>' is missing the following properties from type 'Aliased<string | null>': sql, fieldAlias
  Overload 3 of 3, '(left: never, right: unknown): SQL<unknown>', gave the following error.
    Argument of type 'SQLiteColumn<{ name: "restaurant_id"; tableName: "delivery_orders"; dataType: "string"; columnType: "SQLiteText"; data: string; driverParam: string; notNull: true; hasDefault: false; isPrimaryKey: false; ... 5 more ...; generated: undefined; }, {}, { ...; }>' is not assignable to parameter of type 'never'.
server/deliveryRouter.ts(93,33): error TS7006: Parameter 'o' implicitly has an 'any' type.
server/deliveryRouter.ts(152,9): error TS2322: Type 'string | null' is not assignable to type 'string'.
  Type 'null' is not assignable to type 'string'.
server/deliveryRouter.ts(190,11): error TS2304: Cannot find name 'and'.
server/deliveryRouter.ts(192,13): error TS2769: No overload matches this call.
  Overload 1 of 3, '(left: SQLiteColumn<{ name: "restaurant_id"; tableName: "delivery_orders"; dataType: "string"; columnType: "SQLiteText"; data: string; driverParam: string; notNull: true; hasDefault: false; isPrimaryKey: false; ... 5 more ...; generated: undefined; }, {}, { ...; }>, right: string | SQLWrapper): SQL<...>', gave the following error.
    Argument of type 'string | null' is not assignable to parameter of type 'string | SQLWrapper'.
      Type 'null' is not assignable to type 'string | SQLWrapper'.
  Overload 2 of 3, '(left: Aliased<string | null>, right: string | SQLWrapper | null): SQL<unknown>', gave the following error.
    Argument of type 'SQLiteColumn<{ name: "restaurant_id"; tableName: "delivery_orders"; dataType: "string"; columnType: "SQLiteText"; data: string; driverParam: string; notNull: true; hasDefault: false; isPrimaryKey: false; ... 5 more ...; generated: undefined; }, {}, { ...; }>' is not assignable to parameter of type 'Aliased<string | null>'.
      Type 'SQLiteColumn<{ name: "restaurant_id"; tableName: "delivery_orders"; dataType: "string"; columnType: "SQLiteText"; data: string; driverParam: string; notNull: true; hasDefault: false; isPrimaryKey: false; ... 5 more ...; generated: undefined; }, {}, { ...; }>' is missing the following properties from type 'Aliased<string | null>': sql, fieldAlias
  Overload 3 of 3, '(left: never, right: unknown): SQL<unknown>', gave the following error.
    Argument of type 'SQLiteColumn<{ name: "restaurant_id"; tableName: "delivery_orders"; dataType: "string"; columnType: "SQLiteText"; data: string; driverParam: string; notNull: true; hasDefault: false; isPrimaryKey: false; ... 5 more ...; generated: undefined; }, {}, { ...; }>' is not assignable to parameter of type 'never'.
server/menuRouter.ts(81,63): error TS2769: No overload matches this call.
  Overload 1 of 3, '(left: SQLiteColumn<{ name: "restaurant_id"; tableName: "menu_items"; dataType: "string"; columnType: "SQLiteText"; data: string; driverParam: string; notNull: true; hasDefault: false; isPrimaryKey: false; ... 5 more ...; generated: undefined; }, {}, { ...; }>, right: string | SQLWrapper): SQL<...>', gave the following error.
    Argument of type 'string | null' is not assignable to parameter of type 'string | SQLWrapper'.
      Type 'null' is not assignable to type 'string | SQLWrapper'.
  Overload 2 of 3, '(left: Aliased<string | null>, right: string | SQLWrapper | null): SQL<unknown>', gave the following error.
    Argument of type 'SQLiteColumn<{ name: "restaurant_id"; tableName: "menu_items"; dataType: "string"; columnType: "SQLiteText"; data: string; driverParam: string; notNull: true; hasDefault: false; isPrimaryKey: false; isAutoincrement: false; ... 4 more ...; generated: undefined; }, {}, { ...; }>' is not assignable to parameter of type 'Aliased<string | null>'.
      Type 'SQLiteColumn<{ name: "restaurant_id"; tableName: "menu_items"; dataType: "string"; columnType: "SQLiteText"; data: string; driverParam: string; notNull: true; hasDefault: false; isPrimaryKey: false; isAutoincrement: false; ... 4 more ...; generated: undefined; }, {}, { ...; }>' is missing the following properties from type 'Aliased<string | null>': sql, fieldAlias
  Overload 3 of 3, '(left: never, right: unknown): SQL<unknown>', gave the following error.
    Argument of type 'SQLiteColumn<{ name: "restaurant_id"; tableName: "menu_items"; dataType: "string"; columnType: "SQLiteText"; data: string; driverParam: string; notNull: true; hasDefault: false; isPrimaryKey: false; isAutoincrement: false; ... 4 more ...; generated: undefined; }, {}, { ...; }>' is not assignable to parameter of type 'never'.
server/menuRouter.ts(100,15): error TS2769: No overload matches this call.
  Overload 1 of 3, '(left: SQLiteColumn<{ name: "restaurant_id"; tableName: "menu_items"; dataType: "string"; columnType: "SQLiteText"; data: string; driverParam: string; notNull: true; hasDefault: false; isPrimaryKey: false; ... 5 more ...; generated: undefined; }, {}, { ...; }>, right: string | SQLWrapper): SQL<...>', gave the following error.
    Argument of type 'string | null' is not assignable to parameter of type 'string | SQLWrapper'.
      Type 'null' is not assignable to type 'string | SQLWrapper'.
  Overload 2 of 3, '(left: Aliased<string | null>, right: string | SQLWrapper | null): SQL<unknown>', gave the following error.
    Argument of type 'SQLiteColumn<{ name: "restaurant_id"; tableName: "menu_items"; dataType: "string"; columnType: "SQLiteText"; data: string; driverParam: string; notNull: true; hasDefault: false; isPrimaryKey: false; isAutoincrement: false; ... 4 more ...; generated: undefined; }, {}, { ...; }>' is not assignable to parameter of type 'Aliased<string | null>'.
      Type 'SQLiteColumn<{ name: "restaurant_id"; tableName: "menu_items"; dataType: "string"; columnType: "SQLiteText"; data: string; driverParam: string; notNull: true; hasDefault: false; isPrimaryKey: false; isAutoincrement: false; ... 4 more ...; generated: undefined; }, {}, { ...; }>' is missing the following properties from type 'Aliased<string | null>': sql, fieldAlias
  Overload 3 of 3, '(left: never, right: unknown): SQL<unknown>', gave the following error.
    Argument of type 'SQLiteColumn<{ name: "restaurant_id"; tableName: "menu_items"; dataType: "string"; columnType: "SQLiteText"; data: string; driverParam: string; notNull: true; hasDefault: false; isPrimaryKey: false; isAutoincrement: false; ... 4 more ...; generated: undefined; }, {}, { ...; }>' is not assignable to parameter of type 'never'.
server/menuRouter.ts(149,9): error TS2322: Type 'string | null' is not assignable to type 'string'.
  Type 'null' is not assignable to type 'string'.
server/menuRouter.ts(169,15): error TS2769: No overload matches this call.
  Overload 1 of 3, '(left: SQLiteColumn<{ name: "restaurant_id"; tableName: "menu_items"; dataType: "string"; columnType: "SQLiteText"; data: string; driverParam: string; notNull: true; hasDefault: false; isPrimaryKey: false; ... 5 more ...; generated: undefined; }, {}, { ...; }>, right: string | SQLWrapper): SQL<...>', gave the following error.
    Argument of type 'string | null' is not assignable to parameter of type 'string | SQLWrapper'.
      Type 'null' is not assignable to type 'string | SQLWrapper'.
  Overload 2 of 3, '(left: Aliased<string | null>, right: string | SQLWrapper | null): SQL<unknown>', gave the following error.
    Argument of type 'SQLiteColumn<{ name: "restaurant_id"; tableName: "menu_items"; dataType: "string"; columnType: "SQLiteText"; data: string; driverParam: string; notNull: true; hasDefault: false; isPrimaryKey: false; isAutoincrement: false; ... 4 more ...; generated: undefined; }, {}, { ...; }>' is not assignable to parameter of type 'Aliased<string | null>'.
      Type 'SQLiteColumn<{ name: "restaurant_id"; tableName: "menu_items"; dataType: "string"; columnType: "SQLiteText"; data: string; driverParam: string; notNull: true; hasDefault: false; isPrimaryKey: false; isAutoincrement: false; ... 4 more ...; generated: undefined; }, {}, { ...; }>' is missing the following properties from type 'Aliased<string | null>': sql, fieldAlias
  Overload 3 of 3, '(left: never, right: unknown): SQL<unknown>', gave the following error.
    Argument of type 'SQLiteColumn<{ name: "restaurant_id"; tableName: "menu_items"; dataType: "string"; columnType: "SQLiteText"; data: string; driverParam: string; notNull: true; hasDefault: false; isPrimaryKey: false; isAutoincrement: false; ... 4 more ...; generated: undefined; }, {}, { ...; }>' is not assignable to parameter of type 'never'.
server/menuRouter.ts(190,15): error TS2769: No overload matches this call.
  Overload 1 of 3, '(left: SQLiteColumn<{ name: "restaurant_id"; tableName: "menu_items"; dataType: "string"; columnType: "SQLiteText"; data: string; driverParam: string; notNull: true; hasDefault: false; isPrimaryKey: false; ... 5 more ...; generated: undefined; }, {}, { ...; }>, right: string | SQLWrapper): SQL<...>', gave the following error.
    Argument of type 'string | null' is not assignable to parameter of type 'string | SQLWrapper'.
      Type 'null' is not assignable to type 'string | SQLWrapper'.
  Overload 2 of 3, '(left: Aliased<string | null>, right: string | SQLWrapper | null): SQL<unknown>', gave the following error.
    Argument of type 'SQLiteColumn<{ name: "restaurant_id"; tableName: "menu_items"; dataType: "string"; columnType: "SQLiteText"; data: string; driverParam: string; notNull: true; hasDefault: false; isPrimaryKey: false; isAutoincrement: false; ... 4 more ...; generated: undefined; }, {}, { ...; }>' is not assignable to parameter of type 'Aliased<string | null>'.
      Type 'SQLiteColumn<{ name: "restaurant_id"; tableName: "menu_items"; dataType: "string"; columnType: "SQLiteText"; data: string; driverParam: string; notNull: true; hasDefault: false; isPrimaryKey: false; isAutoincrement: false; ... 4 more ...; generated: undefined; }, {}, { ...; }>' is missing the following properties from type 'Aliased<string | null>': sql, fieldAlias
  Overload 3 of 3, '(left: never, right: unknown): SQL<unknown>', gave the following error.
    Argument of type 'SQLiteColumn<{ name: "restaurant_id"; tableName: "menu_items"; dataType: "string"; columnType: "SQLiteText"; data: string; driverParam: string; notNull: true; hasDefault: false; isPrimaryKey: false; isAutoincrement: false; ... 4 more ...; generated: undefined; }, {}, { ...; }>' is not assignable to parameter of type 'never'.
server/restaurantRouter.ts(30,64): error TS2769: No overload matches this call.
  Overload 1 of 3, '(left: SQLiteColumn<{ name: "id"; tableName: "restaurants"; dataType: "string"; columnType: "SQLiteText"; data: string; driverParam: string; notNull: true; hasDefault: false; isPrimaryKey: true; isAutoincrement: false; ... 4 more ...; generated: undefined; }, {}, { ...; }>, right: string | SQLWrapper): SQL<...>', gave the following error.
    Argument of type 'string | null' is not assignable to parameter of type 'string | SQLWrapper'.
      Type 'null' is not assignable to type 'string | SQLWrapper'.
  Overload 2 of 3, '(left: Aliased<string | null>, right: string | SQLWrapper | null): SQL<unknown>', gave the following error.
    Argument of type 'SQLiteColumn<{ name: "id"; tableName: "restaurants"; dataType: "string"; columnType: "SQLiteText"; data: string; driverParam: string; notNull: true; hasDefault: false; isPrimaryKey: true; isAutoincrement: false; ... 4 more ...; generated: undefined; }, {}, { ...; }>' is not assignable to parameter of type 'Aliased<string | null>'.
      Type 'SQLiteColumn<{ name: "id"; tableName: "restaurants"; dataType: "string"; columnType: "SQLiteText"; data: string; driverParam: string; notNull: true; hasDefault: false; isPrimaryKey: true; isAutoincrement: false; ... 4 more ...; generated: undefined; }, {}, { ...; }>' is missing the following properties from type 'Aliased<string | null>': sql, fieldAlias
  Overload 3 of 3, '(left: never, right: unknown): SQL<unknown>', gave the following error.
    Argument of type 'SQLiteColumn<{ name: "id"; tableName: "restaurants"; dataType: "string"; columnType: "SQLiteText"; data: string; driverParam: string; notNull: true; hasDefault: false; isPrimaryKey: true; isAutoincrement: false; ... 4 more ...; generated: undefined; }, {}, { ...; }>' is not assignable to parameter of type 'never'.
server/restaurantRouter.ts(58,53): error TS2769: No overload matches this call.
  Overload 1 of 3, '(left: SQLiteColumn<{ name: "id"; tableName: "restaurants"; dataType: "string"; columnType: "SQLiteText"; data: string; driverParam: string; notNull: true; hasDefault: false; isPrimaryKey: true; isAutoincrement: false; ... 4 more ...; generated: undefined; }, {}, { ...; }>, right: string | SQLWrapper): SQL<...>', gave the following error.
    Argument of type 'string | null' is not assignable to parameter of type 'string | SQLWrapper'.
      Type 'null' is not assignable to type 'string | SQLWrapper'.
  Overload 2 of 3, '(left: Aliased<string | null>, right: string | SQLWrapper | null): SQL<unknown>', gave the following error.
    Argument of type 'SQLiteColumn<{ name: "id"; tableName: "restaurants"; dataType: "string"; columnType: "SQLiteText"; data: string; driverParam: string; notNull: true; hasDefault: false; isPrimaryKey: true; isAutoincrement: false; ... 4 more ...; generated: undefined; }, {}, { ...; }>' is not assignable to parameter of type 'Aliased<string | null>'.
      Type 'SQLiteColumn<{ name: "id"; tableName: "restaurants"; dataType: "string"; columnType: "SQLiteText"; data: string; driverParam: string; notNull: true; hasDefault: false; isPrimaryKey: true; isAutoincrement: false; ... 4 more ...; generated: undefined; }, {}, { ...; }>' is missing the following properties from type 'Aliased<string | null>': sql, fieldAlias
  Overload 3 of 3, '(left: never, right: unknown): SQL<unknown>', gave the following error.
    Argument of type 'SQLiteColumn<{ name: "id"; tableName: "restaurants"; dataType: "string"; columnType: "SQLiteText"; data: string; driverParam: string; notNull: true; hasDefault: false; isPrimaryKey: true; isAutoincrement: false; ... 4 more ...; generated: undefined; }, {}, { ...; }>' is not assignable to parameter of type 'never'.
ΓÇëELIFECYCLEΓÇë Command failed with exit code 2.
